PREHOOK: query: create temporary function example_add10 as 'org.apache.hadoop.hive.contrib.genericudf.example.GenericUDFAdd10'
PREHOOK: type: CREATEFUNCTION
PREHOOK: Output: example_add10
POSTHOOK: query: create temporary function example_add10 as 'org.apache.hadoop.hive.contrib.genericudf.example.GenericUDFAdd10'
POSTHOOK: type: CREATEFUNCTION
POSTHOOK: Output: example_add10
PREHOOK: query: create table t1_n102(x int,y double)
PREHOOK: type: CREATETABLE
PREHOOK: Output: database:default
PREHOOK: Output: default@t1_n102
POSTHOOK: query: create table t1_n102(x int,y double)
POSTHOOK: type: CREATETABLE
POSTHOOK: Output: database:default
POSTHOOK: Output: default@t1_n102
PREHOOK: query: load data local inpath '../../data/files/T1.txt' into table t1_n102
PREHOOK: type: LOAD
#### A masked pattern was here ####
PREHOOK: Output: default@t1_n102
POSTHOOK: query: load data local inpath '../../data/files/T1.txt' into table t1_n102
POSTHOOK: type: LOAD
#### A masked pattern was here ####
POSTHOOK: Output: default@t1_n102
PREHOOK: query: explain select example_add10(x) as a,example_add10(y) as b from t1_n102 order by a desc,b limit 10
PREHOOK: type: QUERY
PREHOOK: Input: default@t1_n102
PREHOOK: Output: hdfs://### HDFS PATH ###
POSTHOOK: query: explain select example_add10(x) as a,example_add10(y) as b from t1_n102 order by a desc,b limit 10
POSTHOOK: type: QUERY
POSTHOOK: Input: default@t1_n102
POSTHOOK: Output: hdfs://### HDFS PATH ###
Plan optimized by CBO.

Vertex dependency in root stage
Reducer 2 <- Map 1 (SIMPLE_EDGE)

Stage-0
  Fetch Operator
    limit:10
    Stage-1
      Reducer 2 vectorized
      File Output Operator [FS_12]
        Limit [LIM_11] (rows=1 width=12)
          Number of rows:10
          Select Operator [SEL_10] (rows=1 width=12)
            Output:["_col0","_col1"]
          <-Map 1 [SIMPLE_EDGE] vectorized
            SHUFFLE [RS_9]
              Select Operator [SEL_8] (rows=1 width=12)
                Output:["_col0","_col1"]
                Top N Key Operator [TNK_7] (rows=1 width=12)
                  keys:add10(x), add10(y),top n:10
                  TableScan [TS_0] (rows=1 width=12)
                    default@t1_n102,t1_n102,Tbl:COMPLETE,Col:NONE,Output:["x","y"]

PREHOOK: query: select example_add10(x) as a,example_add10(y) as b from t1_n102 order by a desc,b limit 10
PREHOOK: type: QUERY
PREHOOK: Input: default@t1_n102
PREHOOK: Output: hdfs://### HDFS PATH ###
POSTHOOK: query: select example_add10(x) as a,example_add10(y) as b from t1_n102 order by a desc,b limit 10
POSTHOOK: type: QUERY
POSTHOOK: Input: default@t1_n102
POSTHOOK: Output: hdfs://### HDFS PATH ###
18	28.0
18	38.0
17	27.0
13	23.0
12	22.0
11	21.0
PREHOOK: query: drop table t1_n102
PREHOOK: type: DROPTABLE
PREHOOK: Input: default@t1_n102
PREHOOK: Output: default@t1_n102
POSTHOOK: query: drop table t1_n102
POSTHOOK: type: DROPTABLE
POSTHOOK: Input: default@t1_n102
POSTHOOK: Output: default@t1_n102
PREHOOK: query: drop temporary function example_add10
PREHOOK: type: DROPFUNCTION
PREHOOK: Output: example_add10
POSTHOOK: query: drop temporary function example_add10
POSTHOOK: type: DROPFUNCTION
POSTHOOK: Output: example_add10
