PREHOOK: query: DROP TABLE insert_into4a
PREHOOK: type: DROPTABLE
POSTHOOK: query: DROP TABLE insert_into4a
POSTHOOK: type: DROPTABLE
PREHOOK: query: DROP TABLE insert_into4b
PREHOOK: type: DROPTABLE
POSTHOOK: query: DROP TABLE insert_into4b
POSTHOOK: type: DROPTABLE
PREHOOK: query: CREATE TABLE insert_into4a (key int, value string)
PREHOOK: type: CREATETABLE
PREHOOK: Output: database:default
PREHOOK: Output: default@insert_into4a
POSTHOOK: query: CREATE TABLE insert_into4a (key int, value string)
POSTHOOK: type: CREATETABLE
POSTHOOK: Output: database:default
POSTHOOK: Output: default@insert_into4a
PREHOOK: query: CREATE TABLE insert_into4b (key int, value string)
PREHOOK: type: CREATETABLE
PREHOOK: Output: database:default
PREHOOK: Output: default@insert_into4b
POSTHOOK: query: CREATE TABLE insert_into4b (key int, value string)
POSTHOOK: type: CREATETABLE
POSTHOOK: Output: database:default
POSTHOOK: Output: default@insert_into4b
PREHOOK: query: EXPLAIN INSERT INTO TABLE insert_into4a SELECT * FROM src LIMIT 10
PREHOOK: type: QUERY
PREHOOK: Input: default@src
PREHOOK: Output: default@insert_into4a
POSTHOOK: query: EXPLAIN INSERT INTO TABLE insert_into4a SELECT * FROM src LIMIT 10
POSTHOOK: type: QUERY
POSTHOOK: Input: default@src
POSTHOOK: Output: default@insert_into4a
Plan optimized by CBO.

Vertex dependency in root stage
Reducer 2 <- Map 1 (CUSTOM_SIMPLE_EDGE)
Reducer 3 <- Reducer 2 (CUSTOM_SIMPLE_EDGE)

Stage-3
  Stats Work{}
    Stage-0
      Move Operator
        table:{"name:":"default.insert_into4a"}
        Stage-2
          Dependency Collection{}
            Stage-1
              Reducer 3
              File Output Operator [FS_14]
                Group By Operator [GBY_12] (rows=1 width=880)
                  Output:["_col0","_col1"],aggregations:["compute_stats(VALUE._col0)","compute_stats(VALUE._col1)"]
                <-Reducer 2 [CUSTOM_SIMPLE_EDGE]
                  File Output Operator [FS_7]
                    table:{"name:":"default.insert_into4a"}
                    Select Operator [SEL_6] (rows=10 width=95)
                      Output:["_col0","_col1"]
                      Limit [LIM_5] (rows=10 width=178)
                        Number of rows:10
                        Select Operator [SEL_4] (rows=10 width=178)
                          Output:["_col0","_col1"]
                        <-Map 1 [CUSTOM_SIMPLE_EDGE] vectorized
                          PARTITION_ONLY_SHUFFLE [RS_17]
                            Limit [LIM_16] (rows=10 width=178)
                              Number of rows:10
                              Select Operator [SEL_15] (rows=500 width=178)
                                Output:["_col0","_col1"]
                                TableScan [TS_0] (rows=500 width=178)
                                  default@src,src,Tbl:COMPLETE,Col:COMPLETE,Output:["key","value"]
                  PARTITION_ONLY_SHUFFLE [RS_11]
                    Group By Operator [GBY_10] (rows=1 width=864)
                      Output:["_col0","_col1"],aggregations:["compute_stats(key, 'hll')","compute_stats(value, 'hll')"]
                      Select Operator [SEL_9] (rows=10 width=95)
                        Output:["key","value"]
                         Please refer to the previous Select Operator [SEL_6]

PREHOOK: query: INSERT INTO TABLE insert_into4a SELECT * FROM src LIMIT 10
PREHOOK: type: QUERY
PREHOOK: Input: default@src
PREHOOK: Output: default@insert_into4a
POSTHOOK: query: INSERT INTO TABLE insert_into4a SELECT * FROM src LIMIT 10
POSTHOOK: type: QUERY
POSTHOOK: Input: default@src
POSTHOOK: Output: default@insert_into4a
POSTHOOK: Lineage: insert_into4a.key EXPRESSION [(src)src.FieldSchema(name:key, type:string, comment:default), ]
POSTHOOK: Lineage: insert_into4a.value SIMPLE [(src)src.FieldSchema(name:value, type:string, comment:default), ]
PREHOOK: query: SELECT SUM(HASH(c)) FROM (
    SELECT TRANSFORM(*) USING 'tr \t _' AS (c) FROM insert_into4a
) t
PREHOOK: type: QUERY
PREHOOK: Input: default@insert_into4a
PREHOOK: Output: hdfs://### HDFS PATH ###
POSTHOOK: query: SELECT SUM(HASH(c)) FROM (
    SELECT TRANSFORM(*) USING 'tr \t _' AS (c) FROM insert_into4a
) t
POSTHOOK: type: QUERY
POSTHOOK: Input: default@insert_into4a
POSTHOOK: Output: hdfs://### HDFS PATH ###
-826625916
PREHOOK: query: EXPLAIN INSERT INTO TABLE insert_into4a SELECT * FROM src LIMIT 10
PREHOOK: type: QUERY
PREHOOK: Input: default@src
PREHOOK: Output: default@insert_into4a
POSTHOOK: query: EXPLAIN INSERT INTO TABLE insert_into4a SELECT * FROM src LIMIT 10
POSTHOOK: type: QUERY
POSTHOOK: Input: default@src
POSTHOOK: Output: default@insert_into4a
Plan optimized by CBO.

Vertex dependency in root stage
Reducer 2 <- Map 1 (CUSTOM_SIMPLE_EDGE)
Reducer 3 <- Reducer 2 (CUSTOM_SIMPLE_EDGE)

Stage-3
  Stats Work{}
    Stage-0
      Move Operator
        table:{"name:":"default.insert_into4a"}
        Stage-2
          Dependency Collection{}
            Stage-1
              Reducer 3
              File Output Operator [FS_14]
                Group By Operator [GBY_12] (rows=1 width=880)
                  Output:["_col0","_col1"],aggregations:["compute_stats(VALUE._col0)","compute_stats(VALUE._col1)"]
                <-Reducer 2 [CUSTOM_SIMPLE_EDGE]
                  File Output Operator [FS_7]
                    table:{"name:":"default.insert_into4a"}
                    Select Operator [SEL_6] (rows=10 width=95)
                      Output:["_col0","_col1"]
                      Limit [LIM_5] (rows=10 width=178)
                        Number of rows:10
                        Select Operator [SEL_4] (rows=10 width=178)
                          Output:["_col0","_col1"]
                        <-Map 1 [CUSTOM_SIMPLE_EDGE] vectorized
                          PARTITION_ONLY_SHUFFLE [RS_17]
                            Limit [LIM_16] (rows=10 width=178)
                              Number of rows:10
                              Select Operator [SEL_15] (rows=500 width=178)
                                Output:["_col0","_col1"]
                                TableScan [TS_0] (rows=500 width=178)
                                  default@src,src,Tbl:COMPLETE,Col:COMPLETE,Output:["key","value"]
                  PARTITION_ONLY_SHUFFLE [RS_11]
                    Group By Operator [GBY_10] (rows=1 width=864)
                      Output:["_col0","_col1"],aggregations:["compute_stats(key, 'hll')","compute_stats(value, 'hll')"]
                      Select Operator [SEL_9] (rows=10 width=95)
                        Output:["key","value"]
                         Please refer to the previous Select Operator [SEL_6]

PREHOOK: query: INSERT INTO TABLE insert_into4a SELECT * FROM src LIMIT 10
PREHOOK: type: QUERY
PREHOOK: Input: default@src
PREHOOK: Output: default@insert_into4a
POSTHOOK: query: INSERT INTO TABLE insert_into4a SELECT * FROM src LIMIT 10
POSTHOOK: type: QUERY
POSTHOOK: Input: default@src
POSTHOOK: Output: default@insert_into4a
POSTHOOK: Lineage: insert_into4a.key EXPRESSION [(src)src.FieldSchema(name:key, type:string, comment:default), ]
POSTHOOK: Lineage: insert_into4a.value SIMPLE [(src)src.FieldSchema(name:value, type:string, comment:default), ]
PREHOOK: query: SELECT SUM(HASH(c)) FROM (
    SELECT TRANSFORM(*) USING 'tr \t _' AS (c) FROM insert_into4a
) t
PREHOOK: type: QUERY
PREHOOK: Input: default@insert_into4a
PREHOOK: Output: hdfs://### HDFS PATH ###
POSTHOOK: query: SELECT SUM(HASH(c)) FROM (
    SELECT TRANSFORM(*) USING 'tr \t _' AS (c) FROM insert_into4a
) t
POSTHOOK: type: QUERY
POSTHOOK: Input: default@insert_into4a
POSTHOOK: Output: hdfs://### HDFS PATH ###
-1653251832
PREHOOK: query: EXPLAIN INSERT INTO TABLE insert_into4b SELECT * FROM insert_into4a
PREHOOK: type: QUERY
PREHOOK: Input: default@insert_into4a
PREHOOK: Output: default@insert_into4b
POSTHOOK: query: EXPLAIN INSERT INTO TABLE insert_into4b SELECT * FROM insert_into4a
POSTHOOK: type: QUERY
POSTHOOK: Input: default@insert_into4a
POSTHOOK: Output: default@insert_into4b
Plan optimized by CBO.

Vertex dependency in root stage
Reducer 2 <- Map 1 (CUSTOM_SIMPLE_EDGE)

Stage-3
  Stats Work{}
    Stage-0
      Move Operator
        table:{"name:":"default.insert_into4b"}
        Stage-2
          Dependency Collection{}
            Stage-1
              Reducer 2
              File Output Operator [FS_9]
                Group By Operator [GBY_7] (rows=1 width=880)
                  Output:["_col0","_col1"],aggregations:["compute_stats(VALUE._col0)","compute_stats(VALUE._col1)"]
                <-Map 1 [CUSTOM_SIMPLE_EDGE]
                  File Output Operator [FS_2]
                    table:{"name:":"default.insert_into4b"}
                    Select Operator [SEL_1] (rows=20 width=95)
                      Output:["_col0","_col1"]
                      TableScan [TS_0] (rows=20 width=95)
                        default@insert_into4a,insert_into4a,Tbl:COMPLETE,Col:COMPLETE,Output:["key","value"]
                  PARTITION_ONLY_SHUFFLE [RS_6]
                    Group By Operator [GBY_5] (rows=1 width=864)
                      Output:["_col0","_col1"],aggregations:["compute_stats(key, 'hll')","compute_stats(value, 'hll')"]
                      Select Operator [SEL_4] (rows=20 width=95)
                        Output:["key","value"]
                         Please refer to the previous Select Operator [SEL_1]

PREHOOK: query: INSERT INTO TABLE insert_into4b SELECT * FROM insert_into4a
PREHOOK: type: QUERY
PREHOOK: Input: default@insert_into4a
PREHOOK: Output: default@insert_into4b
POSTHOOK: query: INSERT INTO TABLE insert_into4b SELECT * FROM insert_into4a
POSTHOOK: type: QUERY
POSTHOOK: Input: default@insert_into4a
POSTHOOK: Output: default@insert_into4b
POSTHOOK: Lineage: insert_into4b.key SIMPLE [(insert_into4a)insert_into4a.FieldSchema(name:key, type:int, comment:null), ]
POSTHOOK: Lineage: insert_into4b.value SIMPLE [(insert_into4a)insert_into4a.FieldSchema(name:value, type:string, comment:null), ]
PREHOOK: query: SELECT SUM(HASH(c)) FROM (
    SELECT TRANSFORM(*) USING 'tr \t _' AS (c) FROM insert_into4b
) t
PREHOOK: type: QUERY
PREHOOK: Input: default@insert_into4b
PREHOOK: Output: hdfs://### HDFS PATH ###
POSTHOOK: query: SELECT SUM(HASH(c)) FROM (
    SELECT TRANSFORM(*) USING 'tr \t _' AS (c) FROM insert_into4b
) t
POSTHOOK: type: QUERY
POSTHOOK: Input: default@insert_into4b
POSTHOOK: Output: hdfs://### HDFS PATH ###
-1653251832
PREHOOK: query: DROP TABLE insert_into4a
PREHOOK: type: DROPTABLE
PREHOOK: Input: default@insert_into4a
PREHOOK: Output: default@insert_into4a
POSTHOOK: query: DROP TABLE insert_into4a
POSTHOOK: type: DROPTABLE
POSTHOOK: Input: default@insert_into4a
POSTHOOK: Output: default@insert_into4a
PREHOOK: query: DROP TABLE insert_into4b
PREHOOK: type: DROPTABLE
PREHOOK: Input: default@insert_into4b
PREHOOK: Output: default@insert_into4b
POSTHOOK: query: DROP TABLE insert_into4b
POSTHOOK: type: DROPTABLE
POSTHOOK: Input: default@insert_into4b
POSTHOOK: Output: default@insert_into4b
