PREHOOK: query: DROP TABLE insert_into6a
PREHOOK: type: DROPTABLE
POSTHOOK: query: DROP TABLE insert_into6a
POSTHOOK: type: DROPTABLE
PREHOOK: query: DROP TABLE insert_into6b
PREHOOK: type: DROPTABLE
POSTHOOK: query: DROP TABLE insert_into6b
POSTHOOK: type: DROPTABLE
PREHOOK: query: CREATE TABLE insert_into6a (key int, value string) PARTITIONED BY (ds string)
PREHOOK: type: CREATETABLE
PREHOOK: Output: database:default
PREHOOK: Output: default@insert_into6a
POSTHOOK: query: CREATE TABLE insert_into6a (key int, value string) PARTITIONED BY (ds string)
POSTHOOK: type: CREATETABLE
POSTHOOK: Output: database:default
POSTHOOK: Output: default@insert_into6a
PREHOOK: query: CREATE TABLE insert_into6b (key int, value string) PARTITIONED BY (ds string)
PREHOOK: type: CREATETABLE
PREHOOK: Output: database:default
PREHOOK: Output: default@insert_into6b
POSTHOOK: query: CREATE TABLE insert_into6b (key int, value string) PARTITIONED BY (ds string)
POSTHOOK: type: CREATETABLE
POSTHOOK: Output: database:default
POSTHOOK: Output: default@insert_into6b
PREHOOK: query: EXPLAIN INSERT INTO TABLE insert_into6a PARTITION (ds='1') 
    SELECT * FROM src LIMIT 150
PREHOOK: type: QUERY
PREHOOK: Input: default@src
PREHOOK: Output: default@insert_into6a@ds=1
POSTHOOK: query: EXPLAIN INSERT INTO TABLE insert_into6a PARTITION (ds='1') 
    SELECT * FROM src LIMIT 150
POSTHOOK: type: QUERY
POSTHOOK: Input: default@src
POSTHOOK: Output: default@insert_into6a@ds=1
Plan optimized by CBO.

Vertex dependency in root stage
Reducer 2 <- Map 1 (CUSTOM_SIMPLE_EDGE)
Reducer 3 <- Reducer 2 (SIMPLE_EDGE)

Stage-3
  Stats Work{}
    Stage-0
      Move Operator
        table:{"name:":"default.insert_into6a"}
        Stage-2
          Dependency Collection{}
            Stage-1
              Reducer 3
              File Output Operator [FS_14]
                Select Operator [SEL_13] (rows=1 width=965)
                  Output:["_col0","_col1","_col2"]
                  Group By Operator [GBY_12] (rows=1 width=965)
                    Output:["_col0","_col1","_col2"],aggregations:["compute_stats(VALUE._col0)","compute_stats(VALUE._col1)"],keys:KEY._col0
                  <-Reducer 2 [SIMPLE_EDGE]
                    File Output Operator [FS_7]
                      table:{"name:":"default.insert_into6a"}
                      Select Operator [SEL_6] (rows=150 width=95)
                        Output:["_col0","_col1"]
                        Limit [LIM_5] (rows=150 width=178)
                          Number of rows:150
                          Select Operator [SEL_4] (rows=150 width=178)
                            Output:["_col0","_col1"]
                          <-Map 1 [CUSTOM_SIMPLE_EDGE] vectorized
                            PARTITION_ONLY_SHUFFLE [RS_17]
                              Limit [LIM_16] (rows=150 width=178)
                                Number of rows:150
                                Select Operator [SEL_15] (rows=500 width=178)
                                  Output:["_col0","_col1"]
                                  TableScan [TS_0] (rows=500 width=178)
                                    default@src,src,Tbl:COMPLETE,Col:COMPLETE,Output:["key","value"]
                    SHUFFLE [RS_11]
                      PartitionCols:_col0
                      Group By Operator [GBY_10] (rows=1 width=949)
                        Output:["_col0","_col1","_col2"],aggregations:["compute_stats(key, 'hll')","compute_stats(value, 'hll')"],keys:ds
                        Select Operator [SEL_9] (rows=150 width=180)
                          Output:["key","value","ds"]
                           Please refer to the previous Select Operator [SEL_6]

PREHOOK: query: INSERT INTO TABLE insert_into6a PARTITION (ds='1') SELECT * FROM src LIMIT 150
PREHOOK: type: QUERY
PREHOOK: Input: default@src
PREHOOK: Output: default@insert_into6a@ds=1
POSTHOOK: query: INSERT INTO TABLE insert_into6a PARTITION (ds='1') SELECT * FROM src LIMIT 150
POSTHOOK: type: QUERY
POSTHOOK: Input: default@src
POSTHOOK: Output: default@insert_into6a@ds=1
POSTHOOK: Lineage: insert_into6a PARTITION(ds=1).key EXPRESSION [(src)src.FieldSchema(name:key, type:string, comment:default), ]
POSTHOOK: Lineage: insert_into6a PARTITION(ds=1).value SIMPLE [(src)src.FieldSchema(name:value, type:string, comment:default), ]
PREHOOK: query: INSERT INTO TABLE insert_into6a PARTITION (ds='2') SELECT * FROM src LIMIT 100
PREHOOK: type: QUERY
PREHOOK: Input: default@src
PREHOOK: Output: default@insert_into6a@ds=2
POSTHOOK: query: INSERT INTO TABLE insert_into6a PARTITION (ds='2') SELECT * FROM src LIMIT 100
POSTHOOK: type: QUERY
POSTHOOK: Input: default@src
POSTHOOK: Output: default@insert_into6a@ds=2
POSTHOOK: Lineage: insert_into6a PARTITION(ds=2).key EXPRESSION [(src)src.FieldSchema(name:key, type:string, comment:default), ]
POSTHOOK: Lineage: insert_into6a PARTITION(ds=2).value SIMPLE [(src)src.FieldSchema(name:value, type:string, comment:default), ]
PREHOOK: query: SELECT SUM(HASH(c)) FROM (
    SELECT TRANSFORM(*) USING 'tr \t _' AS (c) FROM insert_into6a
) t
PREHOOK: type: QUERY
PREHOOK: Input: default@insert_into6a
PREHOOK: Input: default@insert_into6a@ds=1
PREHOOK: Input: default@insert_into6a@ds=2
PREHOOK: Output: hdfs://### HDFS PATH ###
POSTHOOK: query: SELECT SUM(HASH(c)) FROM (
    SELECT TRANSFORM(*) USING 'tr \t _' AS (c) FROM insert_into6a
) t
POSTHOOK: type: QUERY
POSTHOOK: Input: default@insert_into6a
POSTHOOK: Input: default@insert_into6a@ds=1
POSTHOOK: Input: default@insert_into6a@ds=2
POSTHOOK: Output: hdfs://### HDFS PATH ###
-35226404960
PREHOOK: query: EXPLAIN INSERT INTO TABLE insert_into6b PARTITION (ds) 
    SELECT * FROM insert_into6a
PREHOOK: type: QUERY
PREHOOK: Input: default@insert_into6a
PREHOOK: Input: default@insert_into6a@ds=1
PREHOOK: Input: default@insert_into6a@ds=2
PREHOOK: Output: default@insert_into6b
POSTHOOK: query: EXPLAIN INSERT INTO TABLE insert_into6b PARTITION (ds) 
    SELECT * FROM insert_into6a
POSTHOOK: type: QUERY
POSTHOOK: Input: default@insert_into6a
POSTHOOK: Input: default@insert_into6a@ds=1
POSTHOOK: Input: default@insert_into6a@ds=2
Plan optimized by CBO.

Vertex dependency in root stage
Reducer 2 <- Map 1 (SIMPLE_EDGE)
Reducer 3 <- Map 1 (SIMPLE_EDGE)

Stage-3
  Stats Work{}
    Stage-0
      Move Operator
        table:{"name:":"default.insert_into6b"}
        Stage-2
          Dependency Collection{}
            Stage-1
              Reducer 2
              File Output Operator [FS_9]
                Select Operator [SEL_8] (rows=2 width=1064)
                  Output:["_col0","_col1","_col2"]
                  Group By Operator [GBY_7] (rows=2 width=1064)
                    Output:["_col0","_col1","_col2"],aggregations:["compute_stats(VALUE._col0)","compute_stats(VALUE._col1)"],keys:KEY._col0
                  <-Map 1 [SIMPLE_EDGE]
                    SHUFFLE [RS_6]
                      PartitionCols:_col0
                      Group By Operator [GBY_5] (rows=2 width=1048)
                        Output:["_col0","_col1","_col2"],aggregations:["compute_stats(key, 'hll')","compute_stats(value, 'hll')"],keys:ds
                        Select Operator [SEL_4] (rows=250 width=279)
                          Output:["key","value","ds"]
                          Select Operator [SEL_1] (rows=250 width=279)
                            Output:["_col0","_col1","_col2"]
                            TableScan [TS_0] (rows=250 width=279)
                              default@insert_into6a,insert_into6a,Tbl:COMPLETE,Col:COMPLETE,Output:["key","value"]
              Reducer 3 vectorized
              File Output Operator [FS_16]
                table:{"name:":"default.insert_into6b"}
                Select Operator [SEL_15]
                  Output:["_col0","_col1","_col2"]
                <-Map 1 [SIMPLE_EDGE]
                  SHUFFLE [RS_10]
                    PartitionCols:_col2
                     Please refer to the previous Select Operator [SEL_1]

PREHOOK: query: INSERT INTO TABLE insert_into6b PARTITION (ds) SELECT * FROM insert_into6a
PREHOOK: type: QUERY
PREHOOK: Input: default@insert_into6a
PREHOOK: Input: default@insert_into6a@ds=1
PREHOOK: Input: default@insert_into6a@ds=2
PREHOOK: Output: default@insert_into6b
POSTHOOK: query: INSERT INTO TABLE insert_into6b PARTITION (ds) SELECT * FROM insert_into6a
POSTHOOK: type: QUERY
POSTHOOK: Input: default@insert_into6a
POSTHOOK: Input: default@insert_into6a@ds=1
POSTHOOK: Input: default@insert_into6a@ds=2
POSTHOOK: Output: default@insert_into6b@ds=1
POSTHOOK: Output: default@insert_into6b@ds=2
POSTHOOK: Lineage: insert_into6b PARTITION(ds=1).key SIMPLE [(insert_into6a)insert_into6a.FieldSchema(name:key, type:int, comment:null), ]
POSTHOOK: Lineage: insert_into6b PARTITION(ds=1).value SIMPLE [(insert_into6a)insert_into6a.FieldSchema(name:value, type:string, comment:null), ]
POSTHOOK: Lineage: insert_into6b PARTITION(ds=2).key SIMPLE [(insert_into6a)insert_into6a.FieldSchema(name:key, type:int, comment:null), ]
POSTHOOK: Lineage: insert_into6b PARTITION(ds=2).value SIMPLE [(insert_into6a)insert_into6a.FieldSchema(name:value, type:string, comment:null), ]
PREHOOK: query: SELECT SUM(HASH(c)) FROM (
    SELECT TRANSFORM(*) USING 'tr \t _' AS (c) FROM insert_into6b
) t
PREHOOK: type: QUERY
PREHOOK: Input: default@insert_into6b
PREHOOK: Input: default@insert_into6b@ds=1
PREHOOK: Input: default@insert_into6b@ds=2
PREHOOK: Output: hdfs://### HDFS PATH ###
POSTHOOK: query: SELECT SUM(HASH(c)) FROM (
    SELECT TRANSFORM(*) USING 'tr \t _' AS (c) FROM insert_into6b
) t
POSTHOOK: type: QUERY
POSTHOOK: Input: default@insert_into6b
POSTHOOK: Input: default@insert_into6b@ds=1
POSTHOOK: Input: default@insert_into6b@ds=2
POSTHOOK: Output: hdfs://### HDFS PATH ###
-35226404960
PREHOOK: query: SHOW PARTITIONS insert_into6b
PREHOOK: type: SHOWPARTITIONS
PREHOOK: Input: default@insert_into6b
POSTHOOK: query: SHOW PARTITIONS insert_into6b
POSTHOOK: type: SHOWPARTITIONS
POSTHOOK: Input: default@insert_into6b
ds=1
ds=2
PREHOOK: query: DROP TABLE insert_into6a
PREHOOK: type: DROPTABLE
PREHOOK: Input: default@insert_into6a
PREHOOK: Output: default@insert_into6a
POSTHOOK: query: DROP TABLE insert_into6a
POSTHOOK: type: DROPTABLE
POSTHOOK: Input: default@insert_into6a
POSTHOOK: Output: default@insert_into6a
PREHOOK: query: DROP TABLE insert_into6b
PREHOOK: type: DROPTABLE
PREHOOK: Input: default@insert_into6b
PREHOOK: Output: default@insert_into6b
POSTHOOK: query: DROP TABLE insert_into6b
POSTHOOK: type: DROPTABLE
POSTHOOK: Input: default@insert_into6b
POSTHOOK: Output: default@insert_into6b
