PREHOOK: query: create temporary function UDFHelloTest as 'org.apache.hadoop.hive.ql.exec.vector.UDFHelloTest'
PREHOOK: type: CREATEFUNCTION
PREHOOK: Output: udfhellotest
POSTHOOK: query: create temporary function UDFHelloTest as 'org.apache.hadoop.hive.ql.exec.vector.UDFHelloTest'
POSTHOOK: type: CREATEFUNCTION
POSTHOOK: Output: udfhellotest
PREHOOK: query: create table testorc1(id int, name string) stored as orc
PREHOOK: type: CREATETABLE
PREHOOK: Output: database:default
PREHOOK: Output: default@testorc1
POSTHOOK: query: create table testorc1(id int, name string) stored as orc
POSTHOOK: type: CREATETABLE
POSTHOOK: Output: database:default
POSTHOOK: Output: default@testorc1
PREHOOK: query: insert into table testorc1 values(1, 'a1'), (2,'a2')
PREHOOK: type: QUERY
PREHOOK: Input: _dummy_database@_dummy_table
PREHOOK: Output: default@testorc1
POSTHOOK: query: insert into table testorc1 values(1, 'a1'), (2,'a2')
POSTHOOK: type: QUERY
POSTHOOK: Input: _dummy_database@_dummy_table
POSTHOOK: Output: default@testorc1
POSTHOOK: Lineage: testorc1.id SCRIPT []
POSTHOOK: Lineage: testorc1.name SCRIPT []
PREHOOK: query: explain
select id, UDFHelloTest(name) from testorc1
PREHOOK: type: QUERY
PREHOOK: Input: default@testorc1
PREHOOK: Output: hdfs://### HDFS PATH ###
POSTHOOK: query: explain
select id, UDFHelloTest(name) from testorc1
POSTHOOK: type: QUERY
POSTHOOK: Input: default@testorc1
POSTHOOK: Output: hdfs://### HDFS PATH ###
Plan optimized by CBO.

Stage-0
  Fetch Operator
    limit:-1
    Stage-1
      Map 1 vectorized
      File Output Operator [FS_4]
        Select Operator [SEL_3] (rows=2 width=188)
          Output:["_col0","_col1"]
          TableScan [TS_0] (rows=2 width=90)
            default@testorc1,testorc1,Tbl:COMPLETE,Col:COMPLETE,Output:["id","name"]

PREHOOK: query: select id, UDFHelloTest(name) from testorc1
PREHOOK: type: QUERY
PREHOOK: Input: default@testorc1
PREHOOK: Output: hdfs://### HDFS PATH ###
POSTHOOK: query: select id, UDFHelloTest(name) from testorc1
POSTHOOK: type: QUERY
POSTHOOK: Input: default@testorc1
POSTHOOK: Output: hdfs://### HDFS PATH ###
1	Hello a1
2	Hello a2
