Warning: Shuffle Join MERGEJOIN[21][tables = [src1, src2]] in Stage 'Reducer 2' is a cross product
PREHOOK: query: SELECT src1.key as k1, src1.value as v1, 
       src2.key as k2, src2.value as v2 FROM 
  (SELECT * FROM src WHERE src.key < 10) src1 
    JOIN 
  (SELECT * FROM src WHERE src.key < 10) src2
  SORT BY k1, v1, k2, v2
  LIMIT 10
PREHOOK: type: QUERY
PREHOOK: Input: default@src
#### A masked pattern was here ####
POSTHOOK: query: SELECT src1.key as k1, src1.value as v1, 
       src2.key as k2, src2.value as v2 FROM 
  (SELECT * FROM src WHERE src.key < 10) src1 
    JOIN 
  (SELECT * FROM src WHERE src.key < 10) src2
  SORT BY k1, v1, k2, v2
  LIMIT 10
POSTHOOK: type: QUERY
POSTHOOK: Input: default@src
#### A masked pattern was here ####
k1	v1	k2	v2
0	val_0	0	val_0
0	val_0	0	val_0
0	val_0	0	val_0
0	val_0	0	val_0
0	val_0	0	val_0
0	val_0	0	val_0
0	val_0	0	val_0
0	val_0	0	val_0
0	val_0	0	val_0
0	val_0	2	val_2
PREHOOK: query: SELECT src.key, sum(substr(src.value,5)) FROM src GROUP BY src.key LIMIT 10
PREHOOK: type: QUERY
PREHOOK: Input: default@src
#### A masked pattern was here ####
POSTHOOK: query: SELECT src.key, sum(substr(src.value,5)) FROM src GROUP BY src.key LIMIT 10
POSTHOOK: type: QUERY
POSTHOOK: Input: default@src
#### A masked pattern was here ####
src.key	_c1
10	10.0
100	200.0
104	208.0
105	105.0
113	226.0
116	116.0
118	236.0
125	125.0
129	258.0
145	145.0
PREHOOK: query: use default
PREHOOK: type: SWITCHDATABASE
PREHOOK: Input: database:default
POSTHOOK: query: use default
POSTHOOK: type: SWITCHDATABASE
POSTHOOK: Input: database:default
